// Jest Snapshot v1, https://goo.gl/fbAQLP

exports[`Button has a valid snapshot 1`] = `
<button
  className={undefined}
  onClick={undefined}
  type="button"
/>
`;

exports[`Search has a valid snapshot 1`] = `
<form
  onSubmit={undefined}
>
  <input
    onChange={undefined}
    type="text"
    value={undefined}
  />
  <button
    className="btn btn-primary btn-size"
    type="submit"
  >
    Search
  </button>
</form>
`;
